
> react-kavia@0.1.0 start
> react-scripts start

(node:255) [DEP_WEBPACK_DEV_SERVER_ON_AFTER_SETUP_MIDDLEWARE] DeprecationWarning: 'onAfterSetupMiddleware' option is deprecated. Please use the 'setupMiddlewares' option.
(Use `node --trace-deprecation ...` to show where the warning was created)
(node:255) [DEP_WEBPACK_DEV_SERVER_ON_BEFORE_SETUP_MIDDLEWARE] DeprecationWarning: 'onBeforeSetupMiddleware' option is deprecated. Please use the 'setupMiddlewares' option.
Starting the development server...

Compiled successfully!

You can now view react-kavia in the browser.

  Local:            http://localhost:3000
  On Your Network:  http://172.17.0.2:3000

Note that the development build is not optimized.
To create a production build, use npm run build.

webpack compiled successfully
Compiling...
Compiled successfully!
webpack compiled successfully
Compiling...
Failed to compile.

Module not found: Error: Can't resolve 'jspdf' in '/home/kavia/workspace/code-generation/studymate-16277-f91992b6/study_mate_frontend/src'
WARNING in [eslint] 
src/StudyMate.js
  Line 274:12:  'ensureJsPdf' is defined but never used  no-unused-vars

ERROR in ./src/StudyMate.js 109:4-19
Module not found: Error: Can't resolve 'jspdf' in '/home/kavia/workspace/code-generation/studymate-16277-f91992b6/study_mate_frontend/src'

webpack compiled with 1 error and 1 warning
Compiling...
Failed to compile.

Module not found: Error: Can't resolve 'jspdf' in '/home/kavia/workspace/code-generation/studymate-16277-f91992b6/study_mate_frontend/src'
WARNING in [eslint] 
src/StudyMate.js
  Line 274:12:  'ensureJsPdf' is defined but never used  no-unused-vars

ERROR in ./src/StudyMate.js 109:4-19
Module not found: Error: Can't resolve 'jspdf' in '/home/kavia/workspace/code-generation/studymate-16277-f91992b6/study_mate_frontend/src'

webpack compiled with 1 error and 1 warning
